template: broken.tmpl:1: unexpected "}" in operand
