template: unknown-function.tmpl:1: function "Madeup" not defined
