Unknown generator: madeupgenerator.
Unknown generator: anothermadeupgenerator.


See fakedata --generators for a list of available generators.
